<object-stream>
<org.drools.audit.event.ObjectLogEvent>
  <type>1</type>
  <factId>1</factId>
  <objectToString>com.sample.QuestionPicker@15c1703</objectToString>
</org.drools.audit.event.ObjectLogEvent>
</object-stream>
